
> webgis-frontend@1.0.0 build
> vite build

vite v5.4.21 building for production...
transforming...
DEPRECATION WARNING [legacy-js-api]: The legacy JS API is deprecated and will be removed in Dart Sass 2.0.0.

More info: https://sass-lang.com/d/legacy-js-api

DEPRECATION WARNING [legacy-js-api]: The legacy JS API is deprecated and will be removed in Dart Sass 2.0.0.

More info: https://sass-lang.com/d/legacy-js-api

DEPRECATION WARNING [legacy-js-api]: The legacy JS API is deprecated and will be removed in Dart Sass 2.0.0.

More info: https://sass-lang.com/d/legacy-js-api

DEPRECATION WARNING [legacy-js-api]: The legacy JS API is deprecated and will be removed in Dart Sass 2.0.0.

More info: https://sass-lang.com/d/legacy-js-api

DEPRECATION WARNING [legacy-js-api]: The legacy JS API is deprecated and will be removed in Dart Sass 2.0.0.

More info: https://sass-lang.com/d/legacy-js-api

DEPRECATION WARNING [legacy-js-api]: The legacy JS API is deprecated and will be removed in Dart Sass 2.0.0.

More info: https://sass-lang.com/d/legacy-js-api

DEPRECATION WARNING [legacy-js-api]: The legacy JS API is deprecated and will be removed in Dart Sass 2.0.0.

More info: https://sass-lang.com/d/legacy-js-api

DEPRECATION WARNING [legacy-js-api]: The legacy JS API is deprecated and will be removed in Dart Sass 2.0.0.

More info: https://sass-lang.com/d/legacy-js-api

DEPRECATION WARNING [legacy-js-api]: The legacy JS API is deprecated and will be removed in Dart Sass 2.0.0.

More info: https://sass-lang.com/d/legacy-js-api

DEPRECATION WARNING [legacy-js-api]: The legacy JS API is deprecated and will be removed in Dart Sass 2.0.0.

More info: https://sass-lang.com/d/legacy-js-api

DEPRECATION WARNING [legacy-js-api]: The legacy JS API is deprecated and will be removed in Dart Sass 2.0.0.

More info: https://sass-lang.com/d/legacy-js-api

DEPRECATION WARNING [legacy-js-api]: The legacy JS API is deprecated and will be removed in Dart Sass 2.0.0.

More info: https://sass-lang.com/d/legacy-js-api

✓ 2673 modules transformed.
rendering chunks...
computing gzip size...
dist/index.html                                   1.03 kB │ gzip:   0.47 kB
dist/assets/logo-DrJ_hVFW.png                    29.74 kB
dist/assets/LoginView-BPlqp4Zi.css                0.78 kB │ gzip:   0.35 kB
dist/assets/RegisterView-CjV9oVgN.css             0.81 kB │ gzip:   0.36 kB
dist/assets/CompetitorView-Be31npDg.css           1.04 kB │ gzip:   0.45 kB
dist/assets/BrandStoreView-Cn56Vr-p.css           1.05 kB │ gzip:   0.45 kB
dist/assets/ShoppingCenterView-CLFX83O7.css       1.05 kB │ gzip:   0.45 kB
dist/assets/DataView-DBKNyN_8.css                 1.08 kB │ gzip:   0.45 kB
dist/assets/MainLayout-3cXnS19Y.css               1.31 kB │ gzip:   0.48 kB
dist/assets/BrandIconView-BedrbC5E.css            2.01 kB │ gzip:   0.67 kB
dist/assets/UsersView-C13YNFWX.css                2.71 kB │ gzip:   0.69 kB
dist/assets/ShapefileView-CeYNXZcl.css            3.02 kB │ gzip:   0.85 kB
dist/assets/vendor-store-dialog-BlITUeBE.css      4.82 kB │ gzip:   0.95 kB
dist/assets/MyAccountView-DlahvnhZ.css            5.46 kB │ gzip:   1.25 kB
dist/assets/vendor-smartsteps-lWBjCtPe.css       19.53 kB │ gzip:   7.35 kB
dist/assets/MapView-uO88Qt6X.css                 22.45 kB │ gzip:   4.00 kB
dist/assets/index-BeMzQ8KM.css                  353.76 kB │ gzip:  47.70 kB
dist/assets/logo-DPlEx8WI.js                      0.05 kB │ gzip:   0.07 kB
dist/assets/api-5AhWUYsX.js                       0.45 kB │ gzip:   0.31 kB
dist/assets/brandIcon-ItlCP07I.js                 1.04 kB │ gzip:   0.63 kB
dist/assets/brandStore-Bz_2TM8F.js                1.98 kB │ gzip:   0.87 kB
dist/assets/LoginView-OsXaeLyo.js                 1.98 kB │ gzip:   1.11 kB
dist/assets/shoppingCenterStore-B9e8yjOY.js       2.05 kB │ gzip:   0.87 kB
dist/assets/competitor-B5_FM9V5.js                2.82 kB │ gzip:   1.07 kB
dist/assets/RegisterView-hGU5Skxx.js              2.85 kB │ gzip:   1.35 kB
dist/assets/marker-Sw1DyFnt.js                    2.93 kB │ gzip:   1.17 kB
dist/assets/MainLayout-BWU1O5iQ.js                3.32 kB │ gzip:   1.33 kB
dist/assets/BrandIconView-WlKVr0dq.js             3.58 kB │ gzip:   2.17 kB
dist/assets/ShapefileView-DZsyvvDV.js             8.89 kB │ gzip:   3.84 kB
dist/assets/UsersView-D8mFsmAK.js                11.60 kB │ gzip:   4.11 kB
dist/assets/CompetitorView-DeYy22xF.js           14.98 kB │ gzip:   5.16 kB
dist/assets/ShoppingCenterView-zOzvVwPm.js       15.36 kB │ gzip:   5.18 kB
dist/assets/BrandStoreView-8CznmGuX.js           15.91 kB │ gzip:   5.55 kB
dist/assets/index-BxJpdv0N.js                    33.69 kB │ gzip:  14.19 kB
dist/assets/vendor-store-dialog-DayPbYha.js      35.20 kB │ gzip:  11.45 kB
dist/assets/MyAccountView-DTSAsf_m.js            39.72 kB │ gzip:  12.58 kB
dist/assets/DataView-DDJ23aBu.js                 45.57 kB │ gzip:  15.42 kB
dist/assets/MapView-XvVjbuYm.js                 184.46 kB │ gzip:  57.11 kB
dist/assets/index-Bb6yjXMn.js                 1,034.91 kB │ gzip: 343.41 kB
dist/assets/vendor-smartsteps-ChvFOfHg.js     1,355.46 kB │ gzip: 432.09 kB

(!) Some chunks are larger than 500 kB after minification. Consider:
- Using dynamic import() to code-split the application
- Use build.rollupOptions.output.manualChunks to improve chunking: https://rollupjs.org/configuration-options/#output-manualchunks
- Adjust chunk size limit for this warning via build.chunkSizeWarningLimit.
✓ built in 21.96s
